0 verbose cli C:\Program Files\nodejs\node.exe C:\Users\samuj\AppData\Roaming\npm\node_modules\npm\bin\npm-cli.js
1 info using npm@11.6.2
2 info using node@v22.18.0
3 silly config load:file:C:\Users\samuj\AppData\Roaming\npm\node_modules\npm\npmrc
4 silly config load:file:D:\arquivos\samuel\tudo\party-game-ui\.npmrc
5 silly config load:file:C:\Users\samuj\.npmrc
6 silly config load:file:C:\Users\samuj\AppData\Roaming\npm\etc\npmrc
7 verbose title npm install
8 verbose argv "install" "--cache" ".npm-cache" "--no-audit" "--no-fund"
9 verbose logfile logs-max:10 dir:D:\arquivos\samuel\tudo\party-game-ui\.npm-cache\_logs\2026-05-20T01_08_26_682Z-
10 verbose logfile D:\arquivos\samuel\tudo\party-game-ui\.npm-cache\_logs\2026-05-20T01_08_26_682Z-debug-0.log
11 silly logfile done cleaning log files
12 silly packumentCache heap:4345298944 maxSize:1086324736 maxEntrySize:543162368
13 silly idealTree buildDeps
14 silly fetch manifest @react-native-async-storage/async-storage@2.2.0
15 silly packumentCache full:https://registry.npmjs.org/@react-native-async-storage%2fasync-storage cache-miss
16 http fetch GET https://registry.npmjs.org/npm attempt 1 failed with UNABLE_TO_VERIFY_LEAF_SIGNATURE
17 http fetch GET https://registry.npmjs.org/@react-native-async-storage%2fasync-storage attempt 1 failed with UNABLE_TO_VERIFY_LEAF_SIGNATURE
18 http fetch GET https://registry.npmjs.org/npm attempt 2 failed with UNABLE_TO_VERIFY_LEAF_SIGNATURE
19 http fetch GET https://registry.npmjs.org/@react-native-async-storage%2fasync-storage attempt 2 failed with UNABLE_TO_VERIFY_LEAF_SIGNATURE
20 http fetch GET https://registry.npmjs.org/npm attempt 3 failed with UNABLE_TO_VERIFY_LEAF_SIGNATURE
21 http fetch GET https://registry.npmjs.org/@react-native-async-storage%2fasync-storage attempt 3 failed with UNABLE_TO_VERIFY_LEAF_SIGNATURE
22 silly fetch manifest expo-av@~16.0.8
23 silly packumentCache full:https://registry.npmjs.org/expo-av cache-miss
24 http fetch GET https://registry.npmjs.org/expo-av attempt 1 failed with UNABLE_TO_VERIFY_LEAF_SIGNATURE
25 http fetch GET https://registry.npmjs.org/expo-av attempt 2 failed with UNABLE_TO_VERIFY_LEAF_SIGNATURE
26 http fetch GET https://registry.npmjs.org/expo-av attempt 3 failed with UNABLE_TO_VERIFY_LEAF_SIGNATURE
27 silly fetch manifest react-dom@19.1.0
28 silly packumentCache full:https://registry.npmjs.org/react-dom cache-miss
29 http fetch GET https://registry.npmjs.org/react-dom attempt 1 failed with UNABLE_TO_VERIFY_LEAF_SIGNATURE
30 http fetch GET https://registry.npmjs.org/react-dom attempt 2 failed with UNABLE_TO_VERIFY_LEAF_SIGNATURE
31 http fetch GET https://registry.npmjs.org/react-dom attempt 3 failed with UNABLE_TO_VERIFY_LEAF_SIGNATURE
32 silly fetch manifest react-native@0.81.5
33 silly packumentCache full:https://registry.npmjs.org/react-native cache-miss
34 http fetch GET https://registry.npmjs.org/react-native attempt 1 failed with UNABLE_TO_VERIFY_LEAF_SIGNATURE
35 http fetch GET https://registry.npmjs.org/react-native attempt 2 failed with UNABLE_TO_VERIFY_LEAF_SIGNATURE
36 http fetch GET https://registry.npmjs.org/react-native attempt 3 failed with UNABLE_TO_VERIFY_LEAF_SIGNATURE
37 silly placeDep ROOT @react-native-async-storage/async-storage@ OK for: hangout@1.0.0 want: 2.2.0
38 silly placeDep ROOT expo-av@ OK for: hangout@1.0.0 want: ~16.0.8
39 silly placeDep ROOT react-dom@ REPLACE for: hangout@1.0.0 want: 19.1.0
40 silly placeDep ROOT react-native@ REPLACE for: hangout@1.0.0 want: 0.81.5
41 warn ERESOLVE overriding peer dependency {
41 warn ERESOLVE   code: 'ERESOLVE',
41 warn ERESOLVE   edge: {
41 warn ERESOLVE     type: 'peer',
41 warn ERESOLVE     name: 'react-native',
41 warn ERESOLVE     spec: '0.78 - 0.82',
41 warn ERESOLVE     from: {
41 warn ERESOLVE       name: 'react-native-reanimated',
41 warn ERESOLVE       version: '4.1.7',
41 warn ERESOLVE       location: 'node_modules/react-native-reanimated',
41 warn ERESOLVE       isWorkspace: false,
41 warn ERESOLVE       dependents: [Array]
41 warn ERESOLVE     }
41 warn ERESOLVE   },
41 warn ERESOLVE   dep: {
41 warn ERESOLVE     name: 'react-native',
41 warn ERESOLVE     version: undefined,
41 warn ERESOLVE     errors: [ [FetchError] ],
41 warn ERESOLVE     package: {},
41 warn ERESOLVE     whileInstalling: {
41 warn ERESOLVE       name: 'hangout',
41 warn ERESOLVE       version: '1.0.0',
41 warn ERESOLVE       path: 'D:\\arquivos\\samuel\\tudo\\party-game-ui'
41 warn ERESOLVE     },
41 warn ERESOLVE     location: 'node_modules/react-native',
41 warn ERESOLVE     isWorkspace: false,
41 warn ERESOLVE     dependents: [ [Object] ]
41 warn ERESOLVE   },
41 warn ERESOLVE   force: false,
41 warn ERESOLVE   isMine: true,
41 warn ERESOLVE   strictPeerDeps: false,
41 warn ERESOLVE   current: {
41 warn ERESOLVE     name: 'react-native',
41 warn ERESOLVE     version: '0.81.4',
41 warn ERESOLVE     location: 'node_modules/react-native',
41 warn ERESOLVE     isWorkspace: false,
41 warn ERESOLVE     dependents: [
41 warn ERESOLVE       [Object], [Object], [Object],
41 warn ERESOLVE       [Object], [Object], [Object],
41 warn ERESOLVE       [Object], [Object], [Object],
41 warn ERESOLVE       [Object], [Object], [Object],
41 warn ERESOLVE       [Object], [Object], [Object],
41 warn ERESOLVE       [Object], [Object], [Object],
41 warn ERESOLVE       [Object], [Object], [Object],
41 warn ERESOLVE       [Object], [Object], [Object],
41 warn ERESOLVE       [Object], [Object], [Object]
41 warn ERESOLVE     ]
41 warn ERESOLVE   }
41 warn ERESOLVE }
42 warn ERESOLVE overriding peer dependency {
42 warn ERESOLVE   code: 'ERESOLVE',
42 warn ERESOLVE   edge: {
42 warn ERESOLVE     type: 'peer',
42 warn ERESOLVE     name: 'react-native',
42 warn ERESOLVE     spec: '0.78 - 0.82',
42 warn ERESOLVE     from: {
42 warn ERESOLVE       name: 'react-native-reanimated',
42 warn ERESOLVE       version: '4.1.7',
42 warn ERESOLVE       location: 'node_modules/react-native-reanimated',
42 warn ERESOLVE       isWorkspace: false,
42 warn ERESOLVE       dependents: [Array]
42 warn ERESOLVE     }
42 warn ERESOLVE   },
42 warn ERESOLVE   dep: {
42 warn ERESOLVE     name: 'react-native',
42 warn ERESOLVE     version: undefined,
42 warn ERESOLVE     errors: [ [FetchError] ],
42 warn ERESOLVE     package: {},
42 warn ERESOLVE     whileInstalling: {
42 warn ERESOLVE       name: 'hangout',
42 warn ERESOLVE       version: '1.0.0',
42 warn ERESOLVE       path: 'D:\\arquivos\\samuel\\tudo\\party-game-ui'
42 warn ERESOLVE     },
42 warn ERESOLVE     location: 'node_modules/react-native',
42 warn ERESOLVE     isWorkspace: false,
42 warn ERESOLVE     dependents: [ [Object] ]
42 warn ERESOLVE   },
42 warn ERESOLVE   force: false,
42 warn ERESOLVE   isMine: true,
42 warn ERESOLVE   strictPeerDeps: false,
42 warn ERESOLVE   current: {
42 warn ERESOLVE     name: 'react-native',
42 warn ERESOLVE     version: '0.81.4',
42 warn ERESOLVE     location: 'node_modules/react-native',
42 warn ERESOLVE     isWorkspace: false,
42 warn ERESOLVE     dependents: [
42 warn ERESOLVE       [Object], [Object], [Object],
42 warn ERESOLVE       [Object], [Object], [Object],
42 warn ERESOLVE       [Object], [Object], [Object],
42 warn ERESOLVE       [Object], [Object], [Object],
42 warn ERESOLVE       [Object], [Object], [Object],
42 warn ERESOLVE       [Object], [Object], [Object],
42 warn ERESOLVE       [Object], [Object], [Object],
42 warn ERESOLVE       [Object], [Object], [Object],
42 warn ERESOLVE       [Object], [Object], [Object]
42 warn ERESOLVE     ]
42 warn ERESOLVE   }
42 warn ERESOLVE }
43 warn ERESOLVE overriding peer dependency {
43 warn ERESOLVE   code: 'ERESOLVE',
43 warn ERESOLVE   edge: {
43 warn ERESOLVE     type: 'peer',
43 warn ERESOLVE     name: 'react-native',
43 warn ERESOLVE     spec: '0.81 - 0.85',
43 warn ERESOLVE     from: {
43 warn ERESOLVE       name: 'react-native-worklets',
43 warn ERESOLVE       version: '0.8.3',
43 warn ERESOLVE       location: 'node_modules/react-native-worklets',
43 warn ERESOLVE       isWorkspace: false,
43 warn ERESOLVE       dependents: [Array]
43 warn ERESOLVE     }
43 warn ERESOLVE   },
43 warn ERESOLVE   dep: {
43 warn ERESOLVE     name: 'react-native',
43 warn ERESOLVE     version: undefined,
43 warn ERESOLVE     errors: [ [FetchError] ],
43 warn ERESOLVE     package: {},
43 warn ERESOLVE     whileInstalling: {
43 warn ERESOLVE       name: 'hangout',
43 warn ERESOLVE       version: '1.0.0',
43 warn ERESOLVE       path: 'D:\\arquivos\\samuel\\tudo\\party-game-ui'
43 warn ERESOLVE     },
43 warn ERESOLVE     location: 'node_modules/react-native',
43 warn ERESOLVE     isWorkspace: false,
43 warn ERESOLVE     dependents: [ [Object] ]
43 warn ERESOLVE   },
43 warn ERESOLVE   force: false,
43 warn ERESOLVE   isMine: true,
43 warn ERESOLVE   strictPeerDeps: false,
43 warn ERESOLVE   current: {
43 warn ERESOLVE     name: 'react-native',
43 warn ERESOLVE     version: '0.81.4',
43 warn ERESOLVE     location: 'node_modules/react-native',
43 warn ERESOLVE     isWorkspace: false,
43 warn ERESOLVE     dependents: [
43 warn ERESOLVE       [Object], [Object], [Object],
43 warn ERESOLVE       [Object], [Object], [Object],
43 warn ERESOLVE       [Object], [Object], [Object],
43 warn ERESOLVE       [Object], [Object], [Object],
43 warn ERESOLVE       [Object], [Object], [Object],
43 warn ERESOLVE       [Object], [Object], [Object],
43 warn ERESOLVE       [Object], [Object], [Object],
43 warn ERESOLVE       [Object], [Object], [Object],
43 warn ERESOLVE       [Object], [Object], [Object]
43 warn ERESOLVE     ]
43 warn ERESOLVE   }
43 warn ERESOLVE }
44 warn ERESOLVE overriding peer dependency {
44 warn ERESOLVE   code: 'ERESOLVE',
44 warn ERESOLVE   edge: {
44 warn ERESOLVE     type: 'peer',
44 warn ERESOLVE     name: 'react-native',
44 warn ERESOLVE     spec: '0.81 - 0.85',
44 warn ERESOLVE     from: {
44 warn ERESOLVE       name: 'react-native-worklets',
44 warn ERESOLVE       version: '0.8.3',
44 warn ERESOLVE       location: 'node_modules/react-native-worklets',
44 warn ERESOLVE       isWorkspace: false,
44 warn ERESOLVE       dependents: [Array]
44 warn ERESOLVE     }
44 warn ERESOLVE   },
44 warn ERESOLVE   dep: {
44 warn ERESOLVE     name: 'react-native',
44 warn ERESOLVE     version: undefined,
44 warn ERESOLVE     errors: [ [FetchError] ],
44 warn ERESOLVE     package: {},
44 warn ERESOLVE     whileInstalling: {
44 warn ERESOLVE       name: 'hangout',
44 warn ERESOLVE       version: '1.0.0',
44 warn ERESOLVE       path: 'D:\\arquivos\\samuel\\tudo\\party-game-ui'
44 warn ERESOLVE     },
44 warn ERESOLVE     location: 'node_modules/react-native',
44 warn ERESOLVE     isWorkspace: false,
44 warn ERESOLVE     dependents: [ [Object] ]
44 warn ERESOLVE   },
44 warn ERESOLVE   force: false,
44 warn ERESOLVE   isMine: true,
44 warn ERESOLVE   strictPeerDeps: false,
44 warn ERESOLVE   current: {
44 warn ERESOLVE     name: 'react-native',
44 warn ERESOLVE     version: '0.81.4',
44 warn ERESOLVE     location: 'node_modules/react-native',
44 warn ERESOLVE     isWorkspace: false,
44 warn ERESOLVE     dependents: [
44 warn ERESOLVE       [Object], [Object], [Object],
44 warn ERESOLVE       [Object], [Object], [Object],
44 warn ERESOLVE       [Object], [Object], [Object],
44 warn ERESOLVE       [Object], [Object], [Object],
44 warn ERESOLVE       [Object], [Object], [Object],
44 warn ERESOLVE       [Object], [Object], [Object],
44 warn ERESOLVE       [Object], [Object], [Object],
44 warn ERESOLVE       [Object], [Object], [Object],
44 warn ERESOLVE       [Object], [Object], [Object]
44 warn ERESOLVE     ]
44 warn ERESOLVE   }
44 warn ERESOLVE }
45 silly fetch manifest @expo/cli@54.0.24
46 silly packumentCache full:https://registry.npmjs.org/@expo%2fcli cache-miss
47 http fetch GET https://registry.npmjs.org/@expo%2fcli attempt 1 failed with UNABLE_TO_VERIFY_LEAF_SIGNATURE
48 http fetch GET https://registry.npmjs.org/@expo%2fcli attempt 2 failed with UNABLE_TO_VERIFY_LEAF_SIGNATURE
49 http fetch GET https://registry.npmjs.org/@expo%2fcli attempt 3 failed with UNABLE_TO_VERIFY_LEAF_SIGNATURE
50 silly placeDep node_modules/expo @expo/cli@ OK for: expo@54.0.34 want: 54.0.24
51 silly fetch manifest vaul@^1.1.2
52 silly packumentCache full:https://registry.npmjs.org/vaul cache-miss
53 http fetch GET https://registry.npmjs.org/vaul attempt 1 failed with UNABLE_TO_VERIFY_LEAF_SIGNATURE
