0 verbose cli C:\Program Files\nodejs\node.exe C:\Users\samuj\AppData\Roaming\npm\node_modules\npm\bin\npm-cli.js
1 info using npm@11.6.2
2 info using node@v22.18.0
3 silly config load:file:C:\Users\samuj\AppData\Roaming\npm\node_modules\npm\npmrc
4 silly config load:file:D:\arquivos\samuel\tudo\party-game-ui\.npmrc
5 silly config load:file:C:\Users\samuj\.npmrc
6 silly config load:file:C:\Users\samuj\AppData\Roaming\npm\etc\npmrc
7 verbose title npm install react-native@0.81.5 react-dom@19.1.0 expo-router@~6.0.23 @react-native-async-storage/async-storage@2.2.0 expo-av@~16.0.8
8 verbose argv "install" "react-native@0.81.5" "react-dom@19.1.0" "expo-router@~6.0.23" "@react-native-async-storage/async-storage@2.2.0" "expo-av@~16.0.8" "--cache" ".npm-cache" "--no-audit" "--no-fund" "--fetch-timeout" "60000" "--fetch-retries" "2"
9 verbose logfile logs-max:10 dir:D:\arquivos\samuel\tudo\party-game-ui\.npm-cache\_logs\2026-05-20T01_15_15_911Z-
10 verbose logfile D:\arquivos\samuel\tudo\party-game-ui\.npm-cache\_logs\2026-05-20T01_15_15_911Z-debug-0.log
11 silly logfile done cleaning log files
12 silly packumentCache heap:4345298944 maxSize:1086324736 maxEntrySize:543162368
13 silly idealTree buildDeps
14 silly fetch manifest @react-native-async-storage/async-storage@2.2.0
15 silly packumentCache full:https://registry.npmjs.org/@react-native-async-storage%2fasync-storage cache-miss
16 http fetch GET https://registry.npmjs.org/@react-native-async-storage%2fasync-storage attempt 1 failed with UNABLE_TO_VERIFY_LEAF_SIGNATURE
17 http fetch GET https://registry.npmjs.org/@react-native-async-storage%2fasync-storage attempt 2 failed with UNABLE_TO_VERIFY_LEAF_SIGNATURE
18 http fetch GET https://registry.npmjs.org/@react-native-async-storage%2fasync-storage attempt 3 failed with UNABLE_TO_VERIFY_LEAF_SIGNATURE
19 silly fetch manifest expo-av@~16.0.8
20 silly packumentCache full:https://registry.npmjs.org/expo-av cache-miss
21 http fetch GET https://registry.npmjs.org/expo-av attempt 1 failed with UNABLE_TO_VERIFY_LEAF_SIGNATURE
22 http fetch GET https://registry.npmjs.org/expo-av attempt 2 failed with UNABLE_TO_VERIFY_LEAF_SIGNATURE
23 http fetch GET https://registry.npmjs.org/expo-av attempt 3 failed with UNABLE_TO_VERIFY_LEAF_SIGNATURE
24 silly fetch manifest expo-router@~6.0.23
25 silly packumentCache full:https://registry.npmjs.org/expo-router cache-miss
26 http fetch GET https://registry.npmjs.org/expo-router attempt 1 failed with UNABLE_TO_VERIFY_LEAF_SIGNATURE
27 http fetch GET https://registry.npmjs.org/expo-router attempt 2 failed with UNABLE_TO_VERIFY_LEAF_SIGNATURE
28 http fetch GET https://registry.npmjs.org/expo-router attempt 3 failed with UNABLE_TO_VERIFY_LEAF_SIGNATURE
29 silly fetch manifest react-dom@19.1.0
30 silly packumentCache full:https://registry.npmjs.org/react-dom cache-miss
31 http fetch GET https://registry.npmjs.org/react-dom attempt 1 failed with UNABLE_TO_VERIFY_LEAF_SIGNATURE
32 http fetch GET https://registry.npmjs.org/react-dom attempt 2 failed with UNABLE_TO_VERIFY_LEAF_SIGNATURE
33 http fetch GET https://registry.npmjs.org/react-dom attempt 3 failed with UNABLE_TO_VERIFY_LEAF_SIGNATURE
34 silly fetch manifest react-native@0.81.5
35 silly packumentCache full:https://registry.npmjs.org/react-native cache-miss
36 http fetch GET https://registry.npmjs.org/react-native attempt 1 failed with UNABLE_TO_VERIFY_LEAF_SIGNATURE
37 http fetch GET https://registry.npmjs.org/react-native attempt 2 failed with UNABLE_TO_VERIFY_LEAF_SIGNATURE
38 http fetch GET https://registry.npmjs.org/react-native attempt 3 failed with UNABLE_TO_VERIFY_LEAF_SIGNATURE
39 silly placeDep ROOT @react-native-async-storage/async-storage@ OK for: hangout@1.0.0 want: 2.2.0
40 silly placeDep ROOT expo-av@ OK for: hangout@1.0.0 want: ~16.0.8
41 silly placeDep ROOT expo-router@ REPLACE for: hangout@1.0.0 want: ~6.0.23
42 silly placeDep ROOT react-dom@ OK for: hangout@1.0.0 want: 19.1.0
43 silly placeDep ROOT react-native@ REPLACE for: hangout@1.0.0 want: 0.81.5
44 warn ERESOLVE overriding peer dependency {
44 warn ERESOLVE   code: 'ERESOLVE',
44 warn ERESOLVE   edge: {
44 warn ERESOLVE     type: 'peer',
44 warn ERESOLVE     name: 'react-native',
44 warn ERESOLVE     spec: '0.78 - 0.82',
44 warn ERESOLVE     from: {
44 warn ERESOLVE       name: 'react-native-reanimated',
44 warn ERESOLVE       version: '4.1.7',
44 warn ERESOLVE       location: 'node_modules/react-native-reanimated',
44 warn ERESOLVE       isWorkspace: false,
44 warn ERESOLVE       dependents: [Array]
44 warn ERESOLVE     }
44 warn ERESOLVE   },
44 warn ERESOLVE   dep: {
44 warn ERESOLVE     name: 'react-native',
44 warn ERESOLVE     version: undefined,
44 warn ERESOLVE     errors: [ [FetchError] ],
44 warn ERESOLVE     package: {},
44 warn ERESOLVE     whileInstalling: {
44 warn ERESOLVE       name: 'hangout',
44 warn ERESOLVE       version: '1.0.0',
44 warn ERESOLVE       path: 'D:\\arquivos\\samuel\\tudo\\party-game-ui'
44 warn ERESOLVE     },
44 warn ERESOLVE     location: 'node_modules/react-native',
44 warn ERESOLVE     isWorkspace: false,
44 warn ERESOLVE     dependents: [ [Object] ]
44 warn ERESOLVE   },
44 warn ERESOLVE   force: false,
44 warn ERESOLVE   isMine: true,
44 warn ERESOLVE   strictPeerDeps: false,
44 warn ERESOLVE   current: {
44 warn ERESOLVE     name: 'react-native',
44 warn ERESOLVE     version: '0.81.4',
44 warn ERESOLVE     location: 'node_modules/react-native',
44 warn ERESOLVE     isWorkspace: false,
44 warn ERESOLVE     dependents: [
44 warn ERESOLVE       [Object], [Object], [Object],
44 warn ERESOLVE       [Object], [Object], [Object],
44 warn ERESOLVE       [Object], [Object], [Object],
44 warn ERESOLVE       [Object], [Object], [Object],
44 warn ERESOLVE       [Object], [Object], [Object],
44 warn ERESOLVE       [Object], [Object], [Object],
44 warn ERESOLVE       [Object], [Object]
44 warn ERESOLVE     ]
44 warn ERESOLVE   }
44 warn ERESOLVE }
45 warn ERESOLVE overriding peer dependency {
45 warn ERESOLVE   code: 'ERESOLVE',
45 warn ERESOLVE   edge: {
45 warn ERESOLVE     type: 'peer',
45 warn ERESOLVE     name: 'react-native',
45 warn ERESOLVE     spec: '0.81 - 0.85',
45 warn ERESOLVE     from: {
45 warn ERESOLVE       name: 'react-native-worklets',
45 warn ERESOLVE       version: '0.8.3',
45 warn ERESOLVE       location: 'node_modules/react-native-worklets',
45 warn ERESOLVE       isWorkspace: false,
45 warn ERESOLVE       dependents: [Array]
45 warn ERESOLVE     }
45 warn ERESOLVE   },
45 warn ERESOLVE   dep: {
45 warn ERESOLVE     name: 'react-native',
45 warn ERESOLVE     version: undefined,
45 warn ERESOLVE     errors: [ [FetchError] ],
45 warn ERESOLVE     package: {},
45 warn ERESOLVE     whileInstalling: {
45 warn ERESOLVE       name: 'hangout',
45 warn ERESOLVE       version: '1.0.0',
45 warn ERESOLVE       path: 'D:\\arquivos\\samuel\\tudo\\party-game-ui'
45 warn ERESOLVE     },
45 warn ERESOLVE     location: 'node_modules/react-native',
45 warn ERESOLVE     isWorkspace: false,
45 warn ERESOLVE     dependents: [ [Object] ]
45 warn ERESOLVE   },
45 warn ERESOLVE   force: false,
45 warn ERESOLVE   isMine: true,
45 warn ERESOLVE   strictPeerDeps: false,
45 warn ERESOLVE   current: {
45 warn ERESOLVE     name: 'react-native',
45 warn ERESOLVE     version: '0.81.4',
45 warn ERESOLVE     location: 'node_modules/react-native',
45 warn ERESOLVE     isWorkspace: false,
45 warn ERESOLVE     dependents: [
45 warn ERESOLVE       [Object], [Object], [Object],
45 warn ERESOLVE       [Object], [Object], [Object],
45 warn ERESOLVE       [Object], [Object], [Object],
45 warn ERESOLVE       [Object], [Object], [Object],
45 warn ERESOLVE       [Object], [Object], [Object],
45 warn ERESOLVE       [Object], [Object], [Object],
45 warn ERESOLVE       [Object], [Object]
45 warn ERESOLVE     ]
45 warn ERESOLVE   }
45 warn ERESOLVE }
46 verbose type system
47 verbose stack FetchError: request to https://registry.npmjs.org/@react-native-async-storage%2fasync-storage failed, reason: unable to verify the first certificate
47 verbose stack     at ClientRequest.<anonymous> (C:\Users\samuj\AppData\Roaming\npm\node_modules\npm\node_modules\minipass-fetch\lib\index.js:130:14)
47 verbose stack     at ClientRequest.emit (node:events:518:28)
47 verbose stack     at emitErrorEvent (node:_http_client:104:11)
47 verbose stack     at _destroy (node:_http_client:898:9)
47 verbose stack     at onSocketNT (node:_http_client:918:5)
47 verbose stack     at process.processTicksAndRejections (node:internal/process/task_queues:91:21)
48 error code UNABLE_TO_VERIFY_LEAF_SIGNATURE
49 error errno UNABLE_TO_VERIFY_LEAF_SIGNATURE
50 error request to https://registry.npmjs.org/@react-native-async-storage%2fasync-storage failed, reason: unable to verify the first certificate
51 silly unfinished npm timer reify 1779239717084
52 silly unfinished npm timer reify:loadTrees 1779239717085
53 verbose cwd D:\arquivos\samuel\tudo\party-game-ui
54 verbose os Windows_NT 10.0.19045
55 verbose node v22.18.0
56 verbose npm  v11.6.2
57 verbose exit 1
58 verbose code 1
59 error A complete log of this run can be found in: D:\arquivos\samuel\tudo\party-game-ui\.npm-cache\_logs\2026-05-20T01_15_15_911Z-debug-0.log
